// Jest Snapshot v1, https://goo.gl/fbAQLP

exports[`Pruebas en <GifItem /> debe de hacer match con el snapshot 1`] = `
<div>
  <div
    class="bg-slate-800 rounded-md "
  >
    <img
      alt="Saitama"
      class="h-[250px] w-auto"
      src="https://one-punch.com/saitama.jpg"
    />
    <p
      class="text-white p-2 w-[150px] text-center mx-auto "
    >
      Saitama
    </p>
  </div>
</div>
`;
